overriding broken abi-depends field for packages: 
    shadowdep
should SUCCEED
should SUCCEED
should SUCCEED
